/home/sujin/.local/lib/python3.10/site-packages/sklearn/metrics/_ranking.py:424: UndefinedMetricWarning: Only one class is present in y_true. ROC AUC score is not defined in that case.
  warnings.warn(
/home/sujin/.local/lib/python3.10/site-packages/sklearn/metrics/_ranking.py:1046: UserWarning: No positive class found in y_true, recall is set to one for all thresholds.
  warnings.warn(
/home/sujin/.local/lib/python3.10/site-packages/sklearn/metrics/_ranking.py:424: UndefinedMetricWarning: Only one class is present in y_true. ROC AUC score is not defined in that case.
  warnings.warn(
/home/sujin/.local/lib/python3.10/site-packages/sklearn/metrics/_ranking.py:1046: UserWarning: No positive class found in y_true, recall is set to one for all thresholds.
  warnings.warn(
/home/sujin/.local/lib/python3.10/site-packages/sklearn/metrics/_ranking.py:424: UndefinedMetricWarning: Only one class is present in y_true. ROC AUC score is not defined in that case.
  warnings.warn(
/home/sujin/.local/lib/python3.10/site-packages/sklearn/metrics/_ranking.py:1046: UserWarning: No positive class found in y_true, recall is set to one for all thresholds.
  warnings.warn(
/home/sujin/.local/lib/python3.10/site-packages/sklearn/metrics/_ranking.py:424: UndefinedMetricWarning: Only one class is present in y_true. ROC AUC score is not defined in that case.
  warnings.warn(
/home/sujin/.local/lib/python3.10/site-packages/sklearn/metrics/_ranking.py:1046: UserWarning: No positive class found in y_true, recall is set to one for all thresholds.
  warnings.warn(
/home/sujin/.local/lib/python3.10/site-packages/sklearn/metrics/_ranking.py:424: UndefinedMetricWarning: Only one class is present in y_true. ROC AUC score is not defined in that case.
  warnings.warn(
/home/sujin/.local/lib/python3.10/site-packages/sklearn/metrics/_ranking.py:1046: UserWarning: No positive class found in y_true, recall is set to one for all thresholds.
  warnings.warn(
/home/sujin/.local/lib/python3.10/site-packages/sklearn/metrics/_ranking.py:424: UndefinedMetricWarning: Only one class is present in y_true. ROC AUC score is not defined in that case.
  warnings.warn(
/home/sujin/.local/lib/python3.10/site-packages/sklearn/metrics/_ranking.py:1046: UserWarning: No positive class found in y_true, recall is set to one for all thresholds.
  warnings.warn(
/home/sujin/.local/lib/python3.10/site-packages/sklearn/metrics/_ranking.py:424: UndefinedMetricWarning: Only one class is present in y_true. ROC AUC score is not defined in that case.
  warnings.warn(
/home/sujin/.local/lib/python3.10/site-packages/sklearn/metrics/_ranking.py:1046: UserWarning: No positive class found in y_true, recall is set to one for all thresholds.
  warnings.warn(
/home/sujin/.local/lib/python3.10/site-packages/sklearn/metrics/_ranking.py:424: UndefinedMetricWarning: Only one class is present in y_true. ROC AUC score is not defined in that case.
  warnings.warn(
/home/sujin/.local/lib/python3.10/site-packages/sklearn/metrics/_ranking.py:1046: UserWarning: No positive class found in y_true, recall is set to one for all thresholds.
  warnings.warn(
/home/sujin/.local/lib/python3.10/site-packages/sklearn/metrics/_ranking.py:424: UndefinedMetricWarning: Only one class is present in y_true. ROC AUC score is not defined in that case.
  warnings.warn(
/home/sujin/.local/lib/python3.10/site-packages/sklearn/metrics/_ranking.py:1046: UserWarning: No positive class found in y_true, recall is set to one for all thresholds.
  warnings.warn(
/home/sujin/.local/lib/python3.10/site-packages/sklearn/metrics/_ranking.py:424: UndefinedMetricWarning: Only one class is present in y_true. ROC AUC score is not defined in that case.
  warnings.warn(
/home/sujin/.local/lib/python3.10/site-packages/sklearn/metrics/_ranking.py:1046: UserWarning: No positive class found in y_true, recall is set to one for all thresholds.
  warnings.warn(
/home/sujin/.local/lib/python3.10/site-packages/sklearn/metrics/_ranking.py:424: UndefinedMetricWarning: Only one class is present in y_true. ROC AUC score is not defined in that case.
  warnings.warn(
/home/sujin/.local/lib/python3.10/site-packages/sklearn/metrics/_ranking.py:1046: UserWarning: No positive class found in y_true, recall is set to one for all thresholds.
  warnings.warn(
/home/sujin/.local/lib/python3.10/site-packages/sklearn/metrics/_ranking.py:424: UndefinedMetricWarning: Only one class is present in y_true. ROC AUC score is not defined in that case.
  warnings.warn(
/home/sujin/.local/lib/python3.10/site-packages/sklearn/metrics/_ranking.py:1046: UserWarning: No positive class found in y_true, recall is set to one for all thresholds.
  warnings.warn(
/home/sujin/.local/lib/python3.10/site-packages/sklearn/metrics/_ranking.py:424: UndefinedMetricWarning: Only one class is present in y_true. ROC AUC score is not defined in that case.
  warnings.warn(
/home/sujin/.local/lib/python3.10/site-packages/sklearn/metrics/_ranking.py:1046: UserWarning: No positive class found in y_true, recall is set to one for all thresholds.
  warnings.warn(
/home/sujin/.local/lib/python3.10/site-packages/sklearn/metrics/_ranking.py:424: UndefinedMetricWarning: Only one class is present in y_true. ROC AUC score is not defined in that case.
  warnings.warn(
/home/sujin/.local/lib/python3.10/site-packages/sklearn/metrics/_ranking.py:1046: UserWarning: No positive class found in y_true, recall is set to one for all thresholds.
  warnings.warn(
/home/sujin/.local/lib/python3.10/site-packages/sklearn/metrics/_ranking.py:424: UndefinedMetricWarning: Only one class is present in y_true. ROC AUC score is not defined in that case.
  warnings.warn(
/home/sujin/.local/lib/python3.10/site-packages/sklearn/metrics/_ranking.py:1046: UserWarning: No positive class found in y_true, recall is set to one for all thresholds.
  warnings.warn(
/home/sujin/.local/lib/python3.10/site-packages/sklearn/metrics/_ranking.py:424: UndefinedMetricWarning: Only one class is present in y_true. ROC AUC score is not defined in that case.
  warnings.warn(
/home/sujin/.local/lib/python3.10/site-packages/sklearn/metrics/_ranking.py:1046: UserWarning: No positive class found in y_true, recall is set to one for all thresholds.
  warnings.warn(
/home/sujin/.local/lib/python3.10/site-packages/sklearn/metrics/_ranking.py:424: UndefinedMetricWarning: Only one class is present in y_true. ROC AUC score is not defined in that case.
  warnings.warn(
/home/sujin/.local/lib/python3.10/site-packages/sklearn/metrics/_ranking.py:1046: UserWarning: No positive class found in y_true, recall is set to one for all thresholds.
  warnings.warn(
/home/sujin/.local/lib/python3.10/site-packages/sklearn/metrics/_ranking.py:424: UndefinedMetricWarning: Only one class is present in y_true. ROC AUC score is not defined in that case.
  warnings.warn(
/home/sujin/.local/lib/python3.10/site-packages/sklearn/metrics/_ranking.py:1046: UserWarning: No positive class found in y_true, recall is set to one for all thresholds.
  warnings.warn(
/home/sujin/.local/lib/python3.10/site-packages/sklearn/metrics/_ranking.py:424: UndefinedMetricWarning: Only one class is present in y_true. ROC AUC score is not defined in that case.
  warnings.warn(
/home/sujin/.local/lib/python3.10/site-packages/sklearn/metrics/_ranking.py:1046: UserWarning: No positive class found in y_true, recall is set to one for all thresholds.
  warnings.warn(
/home/sujin/.local/lib/python3.10/site-packages/sklearn/metrics/_ranking.py:424: UndefinedMetricWarning: Only one class is present in y_true. ROC AUC score is not defined in that case.
  warnings.warn(
/home/sujin/.local/lib/python3.10/site-packages/sklearn/metrics/_ranking.py:1046: UserWarning: No positive class found in y_true, recall is set to one for all thresholds.
  warnings.warn(
/home/sujin/.local/lib/python3.10/site-packages/sklearn/metrics/_ranking.py:424: UndefinedMetricWarning: Only one class is present in y_true. ROC AUC score is not defined in that case.
  warnings.warn(
/home/sujin/.local/lib/python3.10/site-packages/sklearn/metrics/_ranking.py:1046: UserWarning: No positive class found in y_true, recall is set to one for all thresholds.
  warnings.warn(
/home/sujin/.local/lib/python3.10/site-packages/sklearn/metrics/_ranking.py:424: UndefinedMetricWarning: Only one class is present in y_true. ROC AUC score is not defined in that case.
  warnings.warn(
/home/sujin/.local/lib/python3.10/site-packages/sklearn/metrics/_ranking.py:1046: UserWarning: No positive class found in y_true, recall is set to one for all thresholds.
  warnings.warn(
/home/sujin/.local/lib/python3.10/site-packages/sklearn/metrics/_ranking.py:424: UndefinedMetricWarning: Only one class is present in y_true. ROC AUC score is not defined in that case.
  warnings.warn(
/home/sujin/.local/lib/python3.10/site-packages/sklearn/metrics/_ranking.py:1046: UserWarning: No positive class found in y_true, recall is set to one for all thresholds.
  warnings.warn(
/home/sujin/.local/lib/python3.10/site-packages/sklearn/metrics/_ranking.py:424: UndefinedMetricWarning: Only one class is present in y_true. ROC AUC score is not defined in that case.
  warnings.warn(
/home/sujin/.local/lib/python3.10/site-packages/sklearn/metrics/_ranking.py:1046: UserWarning: No positive class found in y_true, recall is set to one for all thresholds.
  warnings.warn(
/home/sujin/.local/lib/python3.10/site-packages/sklearn/metrics/_ranking.py:424: UndefinedMetricWarning: Only one class is present in y_true. ROC AUC score is not defined in that case.
  warnings.warn(
/home/sujin/.local/lib/python3.10/site-packages/sklearn/metrics/_ranking.py:1046: UserWarning: No positive class found in y_true, recall is set to one for all thresholds.
  warnings.warn(
/home/sujin/.local/lib/python3.10/site-packages/sklearn/metrics/_ranking.py:424: UndefinedMetricWarning: Only one class is present in y_true. ROC AUC score is not defined in that case.
  warnings.warn(
/home/sujin/.local/lib/python3.10/site-packages/sklearn/metrics/_ranking.py:1046: UserWarning: No positive class found in y_true, recall is set to one for all thresholds.
  warnings.warn(
/home/sujin/.local/lib/python3.10/site-packages/sklearn/metrics/_ranking.py:424: UndefinedMetricWarning: Only one class is present in y_true. ROC AUC score is not defined in that case.
  warnings.warn(
/home/sujin/.local/lib/python3.10/site-packages/sklearn/metrics/_ranking.py:1046: UserWarning: No positive class found in y_true, recall is set to one for all thresholds.
  warnings.warn(
/home/sujin/.local/lib/python3.10/site-packages/sklearn/metrics/_ranking.py:424: UndefinedMetricWarning: Only one class is present in y_true. ROC AUC score is not defined in that case.
  warnings.warn(
/home/sujin/.local/lib/python3.10/site-packages/sklearn/metrics/_ranking.py:1046: UserWarning: No positive class found in y_true, recall is set to one for all thresholds.
  warnings.warn(
/home/sujin/.local/lib/python3.10/site-packages/sklearn/metrics/_ranking.py:424: UndefinedMetricWarning: Only one class is present in y_true. ROC AUC score is not defined in that case.
  warnings.warn(
/home/sujin/.local/lib/python3.10/site-packages/sklearn/metrics/_ranking.py:1046: UserWarning: No positive class found in y_true, recall is set to one for all thresholds.
  warnings.warn(
/home/sujin/.local/lib/python3.10/site-packages/sklearn/metrics/_ranking.py:424: UndefinedMetricWarning: Only one class is present in y_true. ROC AUC score is not defined in that case.
  warnings.warn(
/home/sujin/.local/lib/python3.10/site-packages/sklearn/metrics/_ranking.py:1046: UserWarning: No positive class found in y_true, recall is set to one for all thresholds.
  warnings.warn(
/home/sujin/.local/lib/python3.10/site-packages/sklearn/metrics/_ranking.py:424: UndefinedMetricWarning: Only one class is present in y_true. ROC AUC score is not defined in that case.
  warnings.warn(
/home/sujin/.local/lib/python3.10/site-packages/sklearn/metrics/_ranking.py:1046: UserWarning: No positive class found in y_true, recall is set to one for all thresholds.
  warnings.warn(
/home/sujin/.local/lib/python3.10/site-packages/sklearn/metrics/_ranking.py:424: UndefinedMetricWarning: Only one class is present in y_true. ROC AUC score is not defined in that case.
  warnings.warn(
/home/sujin/.local/lib/python3.10/site-packages/sklearn/metrics/_ranking.py:1046: UserWarning: No positive class found in y_true, recall is set to one for all thresholds.
  warnings.warn(
/home/sujin/.local/lib/python3.10/site-packages/sklearn/metrics/_ranking.py:424: UndefinedMetricWarning: Only one class is present in y_true. ROC AUC score is not defined in that case.
  warnings.warn(
/home/sujin/.local/lib/python3.10/site-packages/sklearn/metrics/_ranking.py:1046: UserWarning: No positive class found in y_true, recall is set to one for all thresholds.
  warnings.warn(
/home/sujin/.local/lib/python3.10/site-packages/sklearn/metrics/_ranking.py:424: UndefinedMetricWarning: Only one class is present in y_true. ROC AUC score is not defined in that case.
  warnings.warn(
/home/sujin/.local/lib/python3.10/site-packages/sklearn/metrics/_ranking.py:1046: UserWarning: No positive class found in y_true, recall is set to one for all thresholds.
  warnings.warn(
/home/sujin/.local/lib/python3.10/site-packages/sklearn/metrics/_ranking.py:424: UndefinedMetricWarning: Only one class is present in y_true. ROC AUC score is not defined in that case.
  warnings.warn(
/home/sujin/.local/lib/python3.10/site-packages/sklearn/metrics/_ranking.py:1046: UserWarning: No positive class found in y_true, recall is set to one for all thresholds.
  warnings.warn(
/home/sujin/.local/lib/python3.10/site-packages/sklearn/metrics/_ranking.py:424: UndefinedMetricWarning: Only one class is present in y_true. ROC AUC score is not defined in that case.
  warnings.warn(
/home/sujin/.local/lib/python3.10/site-packages/sklearn/metrics/_ranking.py:1046: UserWarning: No positive class found in y_true, recall is set to one for all thresholds.
  warnings.warn(
/home/sujin/.local/lib/python3.10/site-packages/sklearn/metrics/_ranking.py:424: UndefinedMetricWarning: Only one class is present in y_true. ROC AUC score is not defined in that case.
  warnings.warn(
/home/sujin/.local/lib/python3.10/site-packages/sklearn/metrics/_ranking.py:1046: UserWarning: No positive class found in y_true, recall is set to one for all thresholds.
  warnings.warn(
/home/sujin/.local/lib/python3.10/site-packages/sklearn/metrics/_ranking.py:424: UndefinedMetricWarning: Only one class is present in y_true. ROC AUC score is not defined in that case.
  warnings.warn(
/home/sujin/.local/lib/python3.10/site-packages/sklearn/metrics/_ranking.py:1046: UserWarning: No positive class found in y_true, recall is set to one for all thresholds.
  warnings.warn(
/home/sujin/.local/lib/python3.10/site-packages/sklearn/metrics/_ranking.py:424: UndefinedMetricWarning: Only one class is present in y_true. ROC AUC score is not defined in that case.
  warnings.warn(
/home/sujin/.local/lib/python3.10/site-packages/sklearn/metrics/_ranking.py:1046: UserWarning: No positive class found in y_true, recall is set to one for all thresholds.
  warnings.warn(
/home/sujin/.local/lib/python3.10/site-packages/sklearn/metrics/_ranking.py:424: UndefinedMetricWarning: Only one class is present in y_true. ROC AUC score is not defined in that case.
  warnings.warn(
/home/sujin/.local/lib/python3.10/site-packages/sklearn/metrics/_ranking.py:1046: UserWarning: No positive class found in y_true, recall is set to one for all thresholds.
  warnings.warn(
/home/sujin/.local/lib/python3.10/site-packages/sklearn/metrics/_ranking.py:424: UndefinedMetricWarning: Only one class is present in y_true. ROC AUC score is not defined in that case.
  warnings.warn(
/home/sujin/.local/lib/python3.10/site-packages/sklearn/metrics/_ranking.py:1046: UserWarning: No positive class found in y_true, recall is set to one for all thresholds.
  warnings.warn(
/home/sujin/.local/lib/python3.10/site-packages/sklearn/metrics/_ranking.py:424: UndefinedMetricWarning: Only one class is present in y_true. ROC AUC score is not defined in that case.
  warnings.warn(
/home/sujin/.local/lib/python3.10/site-packages/sklearn/metrics/_ranking.py:1046: UserWarning: No positive class found in y_true, recall is set to one for all thresholds.
  warnings.warn(
/home/sujin/.local/lib/python3.10/site-packages/sklearn/metrics/_ranking.py:424: UndefinedMetricWarning: Only one class is present in y_true. ROC AUC score is not defined in that case.
  warnings.warn(
/home/sujin/.local/lib/python3.10/site-packages/sklearn/metrics/_ranking.py:1046: UserWarning: No positive class found in y_true, recall is set to one for all thresholds.
  warnings.warn(
/home/sujin/.local/lib/python3.10/site-packages/sklearn/metrics/_ranking.py:424: UndefinedMetricWarning: Only one class is present in y_true. ROC AUC score is not defined in that case.
  warnings.warn(
/home/sujin/.local/lib/python3.10/site-packages/sklearn/metrics/_ranking.py:1046: UserWarning: No positive class found in y_true, recall is set to one for all thresholds.
  warnings.warn(
/home/sujin/.local/lib/python3.10/site-packages/sklearn/metrics/_ranking.py:424: UndefinedMetricWarning: Only one class is present in y_true. ROC AUC score is not defined in that case.
  warnings.warn(
/home/sujin/.local/lib/python3.10/site-packages/sklearn/metrics/_ranking.py:1046: UserWarning: No positive class found in y_true, recall is set to one for all thresholds.
  warnings.warn(
/home/sujin/.local/lib/python3.10/site-packages/sklearn/metrics/_ranking.py:424: UndefinedMetricWarning: Only one class is present in y_true. ROC AUC score is not defined in that case.
  warnings.warn(
/home/sujin/.local/lib/python3.10/site-packages/sklearn/metrics/_ranking.py:1046: UserWarning: No positive class found in y_true, recall is set to one for all thresholds.
  warnings.warn(
/home/sujin/.local/lib/python3.10/site-packages/sklearn/metrics/_ranking.py:424: UndefinedMetricWarning: Only one class is present in y_true. ROC AUC score is not defined in that case.
  warnings.warn(
/home/sujin/.local/lib/python3.10/site-packages/sklearn/metrics/_ranking.py:1046: UserWarning: No positive class found in y_true, recall is set to one for all thresholds.
  warnings.warn(
/home/sujin/.local/lib/python3.10/site-packages/sklearn/metrics/_ranking.py:424: UndefinedMetricWarning: Only one class is present in y_true. ROC AUC score is not defined in that case.
  warnings.warn(
/home/sujin/.local/lib/python3.10/site-packages/sklearn/metrics/_ranking.py:1046: UserWarning: No positive class found in y_true, recall is set to one for all thresholds.
  warnings.warn(
/home/sujin/.local/lib/python3.10/site-packages/sklearn/metrics/_ranking.py:424: UndefinedMetricWarning: Only one class is present in y_true. ROC AUC score is not defined in that case.
  warnings.warn(
/home/sujin/.local/lib/python3.10/site-packages/sklearn/metrics/_ranking.py:1046: UserWarning: No positive class found in y_true, recall is set to one for all thresholds.
  warnings.warn(
/home/sujin/.local/lib/python3.10/site-packages/sklearn/metrics/_ranking.py:424: UndefinedMetricWarning: Only one class is present in y_true. ROC AUC score is not defined in that case.
  warnings.warn(
/home/sujin/.local/lib/python3.10/site-packages/sklearn/metrics/_ranking.py:1046: UserWarning: No positive class found in y_true, recall is set to one for all thresholds.
  warnings.warn(
/home/sujin/.local/lib/python3.10/site-packages/sklearn/metrics/_ranking.py:424: UndefinedMetricWarning: Only one class is present in y_true. ROC AUC score is not defined in that case.
  warnings.warn(
/home/sujin/.local/lib/python3.10/site-packages/sklearn/metrics/_ranking.py:1046: UserWarning: No positive class found in y_true, recall is set to one for all thresholds.
  warnings.warn(
/home/sujin/.local/lib/python3.10/site-packages/sklearn/metrics/_ranking.py:424: UndefinedMetricWarning: Only one class is present in y_true. ROC AUC score is not defined in that case.
  warnings.warn(
/home/sujin/.local/lib/python3.10/site-packages/sklearn/metrics/_ranking.py:1046: UserWarning: No positive class found in y_true, recall is set to one for all thresholds.
  warnings.warn(
/home/sujin/.local/lib/python3.10/site-packages/sklearn/metrics/_ranking.py:424: UndefinedMetricWarning: Only one class is present in y_true. ROC AUC score is not defined in that case.
  warnings.warn(
/home/sujin/.local/lib/python3.10/site-packages/sklearn/metrics/_ranking.py:1046: UserWarning: No positive class found in y_true, recall is set to one for all thresholds.
  warnings.warn(
/home/sujin/.local/lib/python3.10/site-packages/sklearn/metrics/_ranking.py:424: UndefinedMetricWarning: Only one class is present in y_true. ROC AUC score is not defined in that case.
  warnings.warn(
/home/sujin/.local/lib/python3.10/site-packages/sklearn/metrics/_ranking.py:1046: UserWarning: No positive class found in y_true, recall is set to one for all thresholds.
  warnings.warn(
/home/sujin/.local/lib/python3.10/site-packages/sklearn/metrics/_ranking.py:424: UndefinedMetricWarning: Only one class is present in y_true. ROC AUC score is not defined in that case.
  warnings.warn(
/home/sujin/.local/lib/python3.10/site-packages/sklearn/metrics/_ranking.py:1046: UserWarning: No positive class found in y_true, recall is set to one for all thresholds.
  warnings.warn(
/home/sujin/.local/lib/python3.10/site-packages/sklearn/metrics/_ranking.py:424: UndefinedMetricWarning: Only one class is present in y_true. ROC AUC score is not defined in that case.
  warnings.warn(
/home/sujin/.local/lib/python3.10/site-packages/sklearn/metrics/_ranking.py:1046: UserWarning: No positive class found in y_true, recall is set to one for all thresholds.
  warnings.warn(
/home/sujin/.local/lib/python3.10/site-packages/sklearn/metrics/_ranking.py:424: UndefinedMetricWarning: Only one class is present in y_true. ROC AUC score is not defined in that case.
  warnings.warn(
/home/sujin/.local/lib/python3.10/site-packages/sklearn/metrics/_ranking.py:1046: UserWarning: No positive class found in y_true, recall is set to one for all thresholds.
  warnings.warn(
/home/sujin/.local/lib/python3.10/site-packages/sklearn/metrics/_ranking.py:424: UndefinedMetricWarning: Only one class is present in y_true. ROC AUC score is not defined in that case.
  warnings.warn(
/home/sujin/.local/lib/python3.10/site-packages/sklearn/metrics/_ranking.py:1046: UserWarning: No positive class found in y_true, recall is set to one for all thresholds.
  warnings.warn(
/home/sujin/.local/lib/python3.10/site-packages/sklearn/metrics/_ranking.py:424: UndefinedMetricWarning: Only one class is present in y_true. ROC AUC score is not defined in that case.
  warnings.warn(
/home/sujin/.local/lib/python3.10/site-packages/sklearn/metrics/_ranking.py:1046: UserWarning: No positive class found in y_true, recall is set to one for all thresholds.
  warnings.warn(
/home/sujin/.local/lib/python3.10/site-packages/sklearn/metrics/_ranking.py:424: UndefinedMetricWarning: Only one class is present in y_true. ROC AUC score is not defined in that case.
  warnings.warn(
/home/sujin/.local/lib/python3.10/site-packages/sklearn/metrics/_ranking.py:1046: UserWarning: No positive class found in y_true, recall is set to one for all thresholds.
  warnings.warn(
/home/sujin/.local/lib/python3.10/site-packages/sklearn/metrics/_ranking.py:424: UndefinedMetricWarning: Only one class is present in y_true. ROC AUC score is not defined in that case.
  warnings.warn(
/home/sujin/.local/lib/python3.10/site-packages/sklearn/metrics/_ranking.py:1046: UserWarning: No positive class found in y_true, recall is set to one for all thresholds.
  warnings.warn(
/home/sujin/.local/lib/python3.10/site-packages/sklearn/metrics/_ranking.py:424: UndefinedMetricWarning: Only one class is present in y_true. ROC AUC score is not defined in that case.
  warnings.warn(
/home/sujin/.local/lib/python3.10/site-packages/sklearn/metrics/_ranking.py:1046: UserWarning: No positive class found in y_true, recall is set to one for all thresholds.
  warnings.warn(
/home/sujin/.local/lib/python3.10/site-packages/sklearn/metrics/_ranking.py:424: UndefinedMetricWarning: Only one class is present in y_true. ROC AUC score is not defined in that case.
  warnings.warn(
/home/sujin/.local/lib/python3.10/site-packages/sklearn/metrics/_ranking.py:1046: UserWarning: No positive class found in y_true, recall is set to one for all thresholds.
  warnings.warn(
/home/sujin/.local/lib/python3.10/site-packages/sklearn/metrics/_ranking.py:424: UndefinedMetricWarning: Only one class is present in y_true. ROC AUC score is not defined in that case.
  warnings.warn(
/home/sujin/.local/lib/python3.10/site-packages/sklearn/metrics/_ranking.py:1046: UserWarning: No positive class found in y_true, recall is set to one for all thresholds.
  warnings.warn(
/home/sujin/.local/lib/python3.10/site-packages/sklearn/metrics/_ranking.py:424: UndefinedMetricWarning: Only one class is present in y_true. ROC AUC score is not defined in that case.
  warnings.warn(
/home/sujin/.local/lib/python3.10/site-packages/sklearn/metrics/_ranking.py:1046: UserWarning: No positive class found in y_true, recall is set to one for all thresholds.
  warnings.warn(
/home/sujin/.local/lib/python3.10/site-packages/sklearn/metrics/_ranking.py:424: UndefinedMetricWarning: Only one class is present in y_true. ROC AUC score is not defined in that case.
  warnings.warn(
/home/sujin/.local/lib/python3.10/site-packages/sklearn/metrics/_ranking.py:1046: UserWarning: No positive class found in y_true, recall is set to one for all thresholds.
  warnings.warn(
/home/sujin/.local/lib/python3.10/site-packages/sklearn/metrics/_ranking.py:424: UndefinedMetricWarning: Only one class is present in y_true. ROC AUC score is not defined in that case.
  warnings.warn(
/home/sujin/.local/lib/python3.10/site-packages/sklearn/metrics/_ranking.py:1046: UserWarning: No positive class found in y_true, recall is set to one for all thresholds.
  warnings.warn(
/home/sujin/.local/lib/python3.10/site-packages/sklearn/metrics/_ranking.py:424: UndefinedMetricWarning: Only one class is present in y_true. ROC AUC score is not defined in that case.
  warnings.warn(
/home/sujin/.local/lib/python3.10/site-packages/sklearn/metrics/_ranking.py:1046: UserWarning: No positive class found in y_true, recall is set to one for all thresholds.
  warnings.warn(
/home/sujin/.local/lib/python3.10/site-packages/sklearn/metrics/_ranking.py:424: UndefinedMetricWarning: Only one class is present in y_true. ROC AUC score is not defined in that case.
  warnings.warn(
/home/sujin/.local/lib/python3.10/site-packages/sklearn/metrics/_ranking.py:1046: UserWarning: No positive class found in y_true, recall is set to one for all thresholds.
  warnings.warn(
/home/sujin/.local/lib/python3.10/site-packages/sklearn/metrics/_ranking.py:424: UndefinedMetricWarning: Only one class is present in y_true. ROC AUC score is not defined in that case.
  warnings.warn(
/home/sujin/.local/lib/python3.10/site-packages/sklearn/metrics/_ranking.py:1046: UserWarning: No positive class found in y_true, recall is set to one for all thresholds.
  warnings.warn(
/home/sujin/.local/lib/python3.10/site-packages/sklearn/metrics/_ranking.py:424: UndefinedMetricWarning: Only one class is present in y_true. ROC AUC score is not defined in that case.
  warnings.warn(
/home/sujin/.local/lib/python3.10/site-packages/sklearn/metrics/_ranking.py:1046: UserWarning: No positive class found in y_true, recall is set to one for all thresholds.
  warnings.warn(
/home/sujin/.local/lib/python3.10/site-packages/sklearn/metrics/_ranking.py:424: UndefinedMetricWarning: Only one class is present in y_true. ROC AUC score is not defined in that case.
  warnings.warn(
/home/sujin/.local/lib/python3.10/site-packages/sklearn/metrics/_ranking.py:1046: UserWarning: No positive class found in y_true, recall is set to one for all thresholds.
  warnings.warn(
/home/sujin/.local/lib/python3.10/site-packages/sklearn/metrics/_ranking.py:424: UndefinedMetricWarning: Only one class is present in y_true. ROC AUC score is not defined in that case.
  warnings.warn(
/home/sujin/.local/lib/python3.10/site-packages/sklearn/metrics/_ranking.py:1046: UserWarning: No positive class found in y_true, recall is set to one for all thresholds.
  warnings.warn(
/home/sujin/.local/lib/python3.10/site-packages/sklearn/metrics/_ranking.py:424: UndefinedMetricWarning: Only one class is present in y_true. ROC AUC score is not defined in that case.
  warnings.warn(
/home/sujin/.local/lib/python3.10/site-packages/sklearn/metrics/_ranking.py:1046: UserWarning: No positive class found in y_true, recall is set to one for all thresholds.
  warnings.warn(
/home/sujin/.local/lib/python3.10/site-packages/sklearn/metrics/_ranking.py:424: UndefinedMetricWarning: Only one class is present in y_true. ROC AUC score is not defined in that case.
  warnings.warn(
/home/sujin/.local/lib/python3.10/site-packages/sklearn/metrics/_ranking.py:1046: UserWarning: No positive class found in y_true, recall is set to one for all thresholds.
  warnings.warn(
/home/sujin/.local/lib/python3.10/site-packages/sklearn/metrics/_ranking.py:424: UndefinedMetricWarning: Only one class is present in y_true. ROC AUC score is not defined in that case.
  warnings.warn(
/home/sujin/.local/lib/python3.10/site-packages/sklearn/metrics/_ranking.py:1046: UserWarning: No positive class found in y_true, recall is set to one for all thresholds.
  warnings.warn(
/home/sujin/.local/lib/python3.10/site-packages/sklearn/metrics/_ranking.py:424: UndefinedMetricWarning: Only one class is present in y_true. ROC AUC score is not defined in that case.
  warnings.warn(
/home/sujin/.local/lib/python3.10/site-packages/sklearn/metrics/_ranking.py:1046: UserWarning: No positive class found in y_true, recall is set to one for all thresholds.
  warnings.warn(
/home/sujin/.local/lib/python3.10/site-packages/sklearn/metrics/_ranking.py:424: UndefinedMetricWarning: Only one class is present in y_true. ROC AUC score is not defined in that case.
  warnings.warn(
/home/sujin/.local/lib/python3.10/site-packages/sklearn/metrics/_ranking.py:1046: UserWarning: No positive class found in y_true, recall is set to one for all thresholds.
  warnings.warn(
/home/sujin/.local/lib/python3.10/site-packages/sklearn/metrics/_ranking.py:424: UndefinedMetricWarning: Only one class is present in y_true. ROC AUC score is not defined in that case.
  warnings.warn(
/home/sujin/.local/lib/python3.10/site-packages/sklearn/metrics/_ranking.py:1046: UserWarning: No positive class found in y_true, recall is set to one for all thresholds.
  warnings.warn(
/home/sujin/.local/lib/python3.10/site-packages/sklearn/metrics/_ranking.py:424: UndefinedMetricWarning: Only one class is present in y_true. ROC AUC score is not defined in that case.
  warnings.warn(
/home/sujin/.local/lib/python3.10/site-packages/sklearn/metrics/_ranking.py:1046: UserWarning: No positive class found in y_true, recall is set to one for all thresholds.
  warnings.warn(
/home/sujin/Documents/01_GIT/04_edge_SDK/sample_code/RiskAssessment/tools/ai_training/train_risk.py:260: UserWarning: # 'dynamic_axes' is not recommended when dynamo=True, and may lead to 'torch._dynamo.exc.UserError: Constraints violated.' Supply the 'dynamic_shapes' argument instead if export is unsuccessful.
  torch.onnx.export(
W0605 15:00:46.793000 12026 torch/onnx/_internal/exporter/_compat.py:133] Setting ONNX exporter to use operator set version 18 because the requested opset_version 17 is a lower version than we have implementations for. Automatic version conversion will be performed, which may not be successful at converting to the requested version. If version conversion is unsuccessful, the opset version of the exported model will be kept at 18. Please consider setting opset_version >=18 to leverage latest ONNX features
W0605 15:00:47.344000 12026 torch/onnx/_internal/exporter/_registration.py:110] torchvision is not installed. Skipping torchvision::nms
W0605 15:00:47.345000 12026 torch/onnx/_internal/exporter/_registration.py:110] torchvision is not installed. Skipping torchvision::roi_align
W0605 15:00:47.345000 12026 torch/onnx/_internal/exporter/_registration.py:110] torchvision is not installed. Skipping torchvision::roi_pool
/usr/lib/python3.10/copyreg.py:101: FutureWarning: `isinstance(treespec, LeafSpec)` is deprecated, use `isinstance(treespec, TreeSpec) and treespec.is_leaf()` instead.
  return cls.__new__(cls, *args)
The model version conversion is not supported by the onnxscript version converter and fallback is enabled. The model will be converted using the onnx C API (target version: 17).
Available CSV files:
  0: auto_labels_20260323_184253.csv
  1: auto_labels_20260323_190137.csv
  2: auto_labels_20260323_191129.csv
  3: auto_labels_20260323_192426.csv

Loaded 4 files, total rows: 27282
Label positive counts:
  c_s1: 1664 / 27279
  c_s2: 1638 / 27279
  c_s3: 7 / 27279
  c_s4: 0 / 27279
  c_s5: 44 / 27279
  c_s6: 0 / 27279
  c_s9: 0 / 27279
  c_s10: 0 / 27279
============================================================
Feature Configuration
============================================================
Class features (4): ['cls_1', 'cls_20', 'cls_41', 'cls_42']
Continuous features (24): ['stop_count', 'cuboid_x', 'cuboid_y', 'cuboid_z', 'obs_x', 'obs_y', 'obs_vx', 'obs_vy', 'obs_speed', 'rel_x', 'rel_y', 'dist_to_ego', 'rel_vx', 'rel_vy', 'ego_speed', 'ego_yaw_rate', 'dist_to_path', 'along_path_s', 'obs_heading_sin', 'obs_heading_cos', 'ego_heading_sin', 'ego_heading_cos', 'heading_vs_path_sin', 'heading_vs_path_cos']
Total features: 52
============================================================
Saved: /home/sujin/Documents/01_GIT/04_edge_SDK/sample_code/RiskAssessment/tools/ai_training/artifacts/risk_meta.json
epoch=00 train_loss=0.2141 val_loss=0.0260
  c_s1: ROC-AUC=nan PR-AUC=nan
  c_s2: ROC-AUC=nan PR-AUC=nan
  c_s3: ROC-AUC=nan PR-AUC=nan
  c_s4: ROC-AUC=nan PR-AUC=0.0000
  c_s5: ROC-AUC=nan PR-AUC=nan
  c_s6: ROC-AUC=nan PR-AUC=0.0000
  c_s9: ROC-AUC=nan PR-AUC=0.0000
  c_s10: ROC-AUC=nan PR-AUC=0.0000
epoch=01 train_loss=0.0245 val_loss=0.0201
  c_s1: ROC-AUC=nan PR-AUC=nan
  c_s2: ROC-AUC=nan PR-AUC=nan
  c_s3: ROC-AUC=nan PR-AUC=nan
  c_s4: ROC-AUC=nan PR-AUC=0.0000
  c_s5: ROC-AUC=nan PR-AUC=nan
  c_s6: ROC-AUC=nan PR-AUC=0.0000
  c_s9: ROC-AUC=nan PR-AUC=0.0000
  c_s10: ROC-AUC=nan PR-AUC=0.0000
epoch=02 train_loss=0.0198 val_loss=0.0167
  c_s1: ROC-AUC=nan PR-AUC=nan
  c_s2: ROC-AUC=nan PR-AUC=nan
  c_s3: ROC-AUC=nan PR-AUC=nan
  c_s4: ROC-AUC=nan PR-AUC=0.0000
  c_s5: ROC-AUC=nan PR-AUC=nan
  c_s6: ROC-AUC=nan PR-AUC=0.0000
  c_s9: ROC-AUC=nan PR-AUC=0.0000
  c_s10: ROC-AUC=nan PR-AUC=0.0000
epoch=03 train_loss=0.0166 val_loss=0.0142
  c_s1: ROC-AUC=nan PR-AUC=nan
  c_s2: ROC-AUC=nan PR-AUC=nan
  c_s3: ROC-AUC=nan PR-AUC=nan
  c_s4: ROC-AUC=nan PR-AUC=0.0000
  c_s5: ROC-AUC=nan PR-AUC=nan
  c_s6: ROC-AUC=nan PR-AUC=0.0000
  c_s9: ROC-AUC=nan PR-AUC=0.0000
  c_s10: ROC-AUC=nan PR-AUC=0.0000
epoch=04 train_loss=0.0143 val_loss=0.0123
  c_s1: ROC-AUC=nan PR-AUC=nan
  c_s2: ROC-AUC=nan PR-AUC=nan
  c_s3: ROC-AUC=nan PR-AUC=nan
  c_s4: ROC-AUC=nan PR-AUC=0.0000
  c_s5: ROC-AUC=nan PR-AUC=nan
  c_s6: ROC-AUC=nan PR-AUC=0.0000
  c_s9: ROC-AUC=nan PR-AUC=0.0000
  c_s10: ROC-AUC=nan PR-AUC=0.0000
epoch=05 train_loss=0.0128 val_loss=0.0113
  c_s1: ROC-AUC=nan PR-AUC=nan
  c_s2: ROC-AUC=nan PR-AUC=nan
  c_s3: ROC-AUC=nan PR-AUC=nan
  c_s4: ROC-AUC=nan PR-AUC=0.0000
  c_s5: ROC-AUC=nan PR-AUC=nan
  c_s6: ROC-AUC=nan PR-AUC=0.0000
  c_s9: ROC-AUC=nan PR-AUC=0.0000
  c_s10: ROC-AUC=nan PR-AUC=0.0000
epoch=06 train_loss=0.0119 val_loss=0.0105
  c_s1: ROC-AUC=nan PR-AUC=nan
  c_s2: ROC-AUC=nan PR-AUC=nan
  c_s3: ROC-AUC=nan PR-AUC=nan
  c_s4: ROC-AUC=nan PR-AUC=0.0000
  c_s5: ROC-AUC=nan PR-AUC=nan
  c_s6: ROC-AUC=nan PR-AUC=0.0000
  c_s9: ROC-AUC=nan PR-AUC=0.0000
  c_s10: ROC-AUC=nan PR-AUC=0.0000
epoch=07 train_loss=0.0114 val_loss=0.0101
  c_s1: ROC-AUC=nan PR-AUC=nan
  c_s2: ROC-AUC=nan PR-AUC=nan
  c_s3: ROC-AUC=nan PR-AUC=nan
  c_s4: ROC-AUC=nan PR-AUC=0.0000
  c_s5: ROC-AUC=nan PR-AUC=nan
  c_s6: ROC-AUC=nan PR-AUC=0.0000
  c_s9: ROC-AUC=nan PR-AUC=0.0000
  c_s10: ROC-AUC=nan PR-AUC=0.0000
epoch=08 train_loss=0.0110 val_loss=0.0099
  c_s1: ROC-AUC=nan PR-AUC=nan
  c_s2: ROC-AUC=nan PR-AUC=nan
  c_s3: ROC-AUC=nan PR-AUC=nan
  c_s4: ROC-AUC=nan PR-AUC=0.0000
  c_s5: ROC-AUC=nan PR-AUC=nan
  c_s6: ROC-AUC=nan PR-AUC=0.0000
  c_s9: ROC-AUC=nan PR-AUC=0.0000
  c_s10: ROC-AUC=nan PR-AUC=0.0000
epoch=09 train_loss=0.0108 val_loss=0.0097
  c_s1: ROC-AUC=nan PR-AUC=nan
  c_s2: ROC-AUC=nan PR-AUC=nan
  c_s3: ROC-AUC=nan PR-AUC=nan
  c_s4: ROC-AUC=nan PR-AUC=0.0000
  c_s5: ROC-AUC=nan PR-AUC=nan
  c_s6: ROC-AUC=nan PR-AUC=0.0000
  c_s9: ROC-AUC=nan PR-AUC=0.0000
  c_s10: ROC-AUC=nan PR-AUC=0.0000
epoch=10 train_loss=0.0107 val_loss=0.0096
  c_s1: ROC-AUC=nan PR-AUC=nan
  c_s2: ROC-AUC=nan PR-AUC=nan
  c_s3: ROC-AUC=nan PR-AUC=nan
  c_s4: ROC-AUC=nan PR-AUC=0.0000
  c_s5: ROC-AUC=nan PR-AUC=nan
  c_s6: ROC-AUC=nan PR-AUC=0.0000
  c_s9: ROC-AUC=nan PR-AUC=0.0000
  c_s10: ROC-AUC=nan PR-AUC=0.0000
epoch=11 train_loss=0.0105 val_loss=0.0095
  c_s1: ROC-AUC=nan PR-AUC=nan
  c_s2: ROC-AUC=nan PR-AUC=nan
  c_s3: ROC-AUC=nan PR-AUC=nan
  c_s4: ROC-AUC=nan PR-AUC=0.0000
  c_s5: ROC-AUC=nan PR-AUC=nan
  c_s6: ROC-AUC=nan PR-AUC=0.0000
  c_s9: ROC-AUC=nan PR-AUC=0.0000
  c_s10: ROC-AUC=nan PR-AUC=0.0000
epoch=12 train_loss=0.0104 val_loss=0.0095
  c_s1: ROC-AUC=nan PR-AUC=nan
  c_s2: ROC-AUC=nan PR-AUC=nan
  c_s3: ROC-AUC=nan PR-AUC=nan
  c_s4: ROC-AUC=nan PR-AUC=0.0000
  c_s5: ROC-AUC=nan PR-AUC=nan
  c_s6: ROC-AUC=nan PR-AUC=0.0000
  c_s9: ROC-AUC=nan PR-AUC=0.0000
  c_s10: ROC-AUC=nan PR-AUC=0.0000
epoch=13 train_loss=0.0104 val_loss=0.0094
  c_s1: ROC-AUC=nan PR-AUC=nan
  c_s2: ROC-AUC=nan PR-AUC=nan
  c_s3: ROC-AUC=nan PR-AUC=nan
  c_s4: ROC-AUC=nan PR-AUC=0.0000
  c_s5: ROC-AUC=nan PR-AUC=nan
  c_s6: ROC-AUC=nan PR-AUC=0.0000
  c_s9: ROC-AUC=nan PR-AUC=0.0000
  c_s10: ROC-AUC=nan PR-AUC=0.0000
epoch=14 train_loss=0.0103 val_loss=0.0094
  c_s1: ROC-AUC=nan PR-AUC=nan
  c_s2: ROC-AUC=nan PR-AUC=nan
  c_s3: ROC-AUC=nan PR-AUC=nan
  c_s4: ROC-AUC=nan PR-AUC=0.0000
  c_s5: ROC-AUC=nan PR-AUC=nan
  c_s6: ROC-AUC=nan PR-AUC=0.0000
  c_s9: ROC-AUC=nan PR-AUC=0.0000
  c_s10: ROC-AUC=nan PR-AUC=0.0000
epoch=15 train_loss=0.0102 val_loss=0.0093
  c_s1: ROC-AUC=nan PR-AUC=nan
  c_s2: ROC-AUC=nan PR-AUC=nan
  c_s3: ROC-AUC=nan PR-AUC=nan
  c_s4: ROC-AUC=nan PR-AUC=0.0000
  c_s5: ROC-AUC=nan PR-AUC=nan
  c_s6: ROC-AUC=nan PR-AUC=0.0000
  c_s9: ROC-AUC=nan PR-AUC=0.0000
  c_s10: ROC-AUC=nan PR-AUC=0.0000
epoch=16 train_loss=0.0102 val_loss=0.0093
  c_s1: ROC-AUC=nan PR-AUC=nan
  c_s2: ROC-AUC=nan PR-AUC=nan
  c_s3: ROC-AUC=nan PR-AUC=nan
  c_s4: ROC-AUC=nan PR-AUC=0.0000
  c_s5: ROC-AUC=nan PR-AUC=nan
  c_s6: ROC-AUC=nan PR-AUC=0.0000
  c_s9: ROC-AUC=nan PR-AUC=0.0000
  c_s10: ROC-AUC=nan PR-AUC=0.0000
epoch=17 train_loss=0.0101 val_loss=0.0093
  c_s1: ROC-AUC=nan PR-AUC=nan
  c_s2: ROC-AUC=nan PR-AUC=nan
  c_s3: ROC-AUC=nan PR-AUC=nan
  c_s4: ROC-AUC=nan PR-AUC=0.0000
  c_s5: ROC-AUC=nan PR-AUC=nan
  c_s6: ROC-AUC=nan PR-AUC=0.0000
  c_s9: ROC-AUC=nan PR-AUC=0.0000
  c_s10: ROC-AUC=nan PR-AUC=0.0000
epoch=18 train_loss=0.0101 val_loss=0.0092
  c_s1: ROC-AUC=nan PR-AUC=nan
  c_s2: ROC-AUC=nan PR-AUC=nan
  c_s3: ROC-AUC=nan PR-AUC=nan
  c_s4: ROC-AUC=nan PR-AUC=0.0000
  c_s5: ROC-AUC=nan PR-AUC=nan
  c_s6: ROC-AUC=nan PR-AUC=0.0000
  c_s9: ROC-AUC=nan PR-AUC=0.0000
  c_s10: ROC-AUC=nan PR-AUC=0.0000
epoch=19 train_loss=0.0101 val_loss=0.0092
  c_s1: ROC-AUC=nan PR-AUC=nan
  c_s2: ROC-AUC=nan PR-AUC=nan
  c_s3: ROC-AUC=nan PR-AUC=nan
  c_s4: ROC-AUC=nan PR-AUC=0.0000
  c_s5: ROC-AUC=nan PR-AUC=nan
  c_s6: ROC-AUC=nan PR-AUC=0.0000
  c_s9: ROC-AUC=nan PR-AUC=0.0000
  c_s10: ROC-AUC=nan PR-AUC=0.0000
[torch.onnx] Obtain model graph for `MLP([...]` with `torch.export.export(..., strict=False)`...
[torch.onnx] Obtain model graph for `MLP([...]` with `torch.export.export(..., strict=False)`... ✅
[torch.onnx] Run decompositions...
[torch.onnx] Run decompositions... ✅
[torch.onnx] Translate the graph into ONNX...
[torch.onnx] Translate the graph into ONNX... ✅
[torch.onnx] Optimize the ONNX graph...
[torch.onnx] Optimize the ONNX graph... ✅
Saved: /home/sujin/Documents/01_GIT/04_edge_SDK/sample_code/RiskAssessment/tools/ai_training/artifacts/risk_mlp.onnx
